node.exe : node:inter
nal/modules/cjs/loade
r:1451
At C:\Users\Admin\App
Data\Roaming\npm\pnpm
.ps1:24 char:5
+     & "node$exe"  "
$basedir/node_modules
/pnpm/bin/pnpm.cjs" 
$args
+     ~~~~~~~~~~~~~~~
~~~~~~~~~~~~~~~~~~~~~
~~~~~~~~~~~~~~~~~~~~~
~~~~
    + CategoryInfo   
           : NotSpe  
  cified: (node:in   
 ternal/modules/c    
js/loader:1451:S    
tring) [], Remot    
eException
    + FullyQualified 
   ErrorId : Native  
  CommandError
 
  throw err;
  ^

Error: Cannot find 
module 'C:\Users\Admi
n\Documents\GitHub\AI
FlashCard\node_module
s\typescript\bin\tsc'
    at Module._resolv
eFilename (node:inter
nal/modules/cjs/loade
r:1448:15)
    at 
defaultResolveImpl (n
ode:internal/modules/
cjs/loader:1059:19)
    at resolveForCJSW
ithHooks (node:intern
al/modules/cjs/loader
:1064:22)
    at Module._load (
node:internal/modules
/cjs/loader:1234:25)
    at TracingChannel
.traceSync (node:diag
nostics_channel:328:1
4)
    at 
wrapModuleLoad (node:
internal/modules/cjs/
loader:245:24)
    at Module.execute
UserEntryPoint [as 
runMain] (node:intern
al/modules/run_main:1
54:5)
    at node:internal/
main/run_main_module:
33:47 {
  code: 
'MODULE_NOT_FOUND',
  requireStack: []
}

Node.js v24.13.1
